* using log directory ‘/tmp/Rtmp7WASfF/file15204758000484/EMTscore.Rcheck’
* using R version 4.5.1 (2025-06-13)
* using platform: x86_64-pc-linux-gnu
* R was compiled by
    gcc (Ubuntu 9.4.0-1ubuntu1~20.04.2) 9.4.0
    GNU Fortran (Ubuntu 9.4.0-1ubuntu1~20.04.2) 9.4.0
* running under: Ubuntu 24.04.3 LTS
* using session charset: UTF-8
* using options ‘--no-manual --as-cran’
* checking for file ‘EMTscore/DESCRIPTION’ ... OK
* checking extension type ... Package
* this is package ‘EMTscore’ version ‘0.1.1’
* package encoding: UTF-8
* checking package namespace information ... OK
* checking package dependencies ... INFO
Vignette dependency required without any vignettes: ‘knitr’

Imports includes 28 non-default packages.
Importing from so many packages makes the package vulnerable to any of
them becoming unavailable.  Move as many as possible to Suggests and
use conditionally.
* checking if this is a source package ... OK
* checking if there is a namespace ... OK
* checking for executable files ... OK
* checking for hidden files and directories ... OK
* checking for portable file names ... OK
* checking for sufficient/correct file permissions ... OK
* checking whether package ‘EMTscore’ can be installed ... [53s/37s] WARNING
Found the following significant warnings:
  Warning: replacing previous import ‘data.table::first’ by ‘dplyr::first’ when loading ‘EMTscore’
  Warning: replacing previous import ‘data.table::last’ by ‘dplyr::last’ when loading ‘EMTscore’
  Warning: replacing previous import ‘data.table::between’ by ‘dplyr::between’ when loading ‘EMTscore’
See ‘/tmp/Rtmp7WASfF/file15204758000484/EMTscore.Rcheck/00install.out’ for details.
* checking installed package size ... INFO
  installed size is 29.7Mb
  sub-directories of 1Mb or more:
    data      6.0Mb
    extdata  23.5Mb
* checking package directory ... OK
* checking for future file timestamps ... OK
* checking DESCRIPTION meta-information ... OK
* checking top-level files ... NOTE
Non-standard file/directory found at top level:
  ‘EMTscore.Rmd’
* checking for left-over files ... OK
* checking index information ... OK
* checking package subdirectories ... OK
* checking code files for non-ASCII characters ... OK
* checking R files for syntax errors ... OK
* checking whether the package can be loaded ... [18s/12s] OK
* checking whether the package can be loaded with stated dependencies ... [17s/12s] OK
* checking whether the package can be unloaded cleanly ... [17s/12s] OK
* checking whether the namespace can be loaded with stated dependencies ... [17s/11s] OK
* checking whether the namespace can be unloaded cleanly ... [18s/12s] OK
* checking loading without being on the library search path ... [17s/12s] OK
* checking dependencies in R code ... WARNING
'::' or ':::' import not declared from: ‘GSEABase’
'library' or 'require' calls not declared from:
  ‘dplyr’ ‘ggplot2’ ‘ggpubr’ ‘rlang’
'library' or 'require' calls in package code:
  ‘dplyr’ ‘ggplot2’ ‘ggpubr’ ‘rlang’
  Please use :: or requireNamespace() instead.
  See section 'Suggested packages' in the 'Writing R Extensions' manual.
Namespaces in Imports field not imported from:
  ‘ComplexHeatmap’ ‘circlize’ ‘ggpubr’ ‘ggthemes’ ‘grid’ ‘gridExtra’
  ‘magrittr’ ‘pheatmap’ ‘stats’
  All declared Imports should be used.
* checking S3 generic/method consistency ... OK
* checking replacement functions ... OK
* checking foreign function calls ... OK
* checking R code for possible problems ... [70s/48s] NOTE
Arrange_plots: no visible global function definition for ‘ggarrange’
Arrange_plots: no visible global function definition for
  ‘annotate_figure’
Arrange_plots: no visible global function definition for ‘text_grob’
Execute_AUCell_parallel: no visible binding for global variable ‘k’
Execute_E_M_plot: no visible global function definition for ‘sd’
Execute_E_M_plot: no visible binding for global variable ‘mE’
Execute_E_M_plot: no visible binding for global variable ‘mM’
Execute_E_M_plot: no visible binding for global variable ‘sdM’
Execute_E_M_plot: no visible binding for global variable ‘sdE’
Execute_JASMINE_parallel: no visible binding for global variable ‘k’
Execute_M_dimension_plot: no visible global function definition for
  ‘sd’
Execute_M_dimension_plot: no visible binding for global variable ‘mM1’
Execute_M_dimension_plot: no visible binding for global variable ‘mM2’
Execute_M_dimension_plot: no visible binding for global variable ‘sdM2’
Execute_M_dimension_plot: no visible binding for global variable ‘sdM1’
Execute_SCSE_parallel: no visible binding for global variable ‘k’
Execute_nnPCA_parallel: no visible binding for global variable ‘k’
Execute_ssGSEA_parallel: no visible binding for global variable ‘k’
Execute_ssGSVA: no visible binding for global variable ‘pathwayName’
compute_Signature_score: no visible global function definition for
  ‘read.delim’
compute_Signature_score : <anonymous>: no visible global function
  definition for ‘cor’
correlate_sample_scores: no visible global function definition for
  ‘complete.cases’
correlate_sample_scores: no visible global function definition for
  ‘cor.test’
plot_heatmap_function: no visible global function definition for
  ‘colorRamp2’
plot_heatmap_function: no visible global function definition for
  ‘rowAnnotation’
plot_heatmap_function: no visible global function definition for
  ‘HeatmapAnnotation’
plot_heatmap_function: no visible global function definition for
  ‘Heatmap’
Undefined global functions or variables:
  Heatmap HeatmapAnnotation annotate_figure colorRamp2 complete.cases
  cor cor.test ggarrange k mE mM mM1 mM2 pathwayName read.delim
  rowAnnotation sd sdE sdM sdM1 sdM2 text_grob
Consider adding
  importFrom("stats", "complete.cases", "cor", "cor.test", "sd")
  importFrom("utils", "read.delim")
to your NAMESPACE file.
* checking Rd files ... OK
* checking Rd metadata ... OK
* checking Rd line widths ... NOTE
Rd file 'add_EMT_score.Rd':
  \examples lines wider than 100 characters:
     seurat_files <- c("/home/hwen6/project/EMTscore/2025_09_24/EMTscore/inst/extdata/example_seurat_obj.rds", "/home/hwen6/project/EMTscore ... [TRUNCATED]

Rd file 'correlate_sample_scores.Rd':
  \examples lines wider than 100 characters:
     result <- correlate_sample_scores(score_mat1 = SCSE_Result_multiple, score_mat2 = SCSE_Result_EMT, method = "spearman")

These lines will be truncated in the PDF manual.
* checking Rd cross-references ... OK
* checking for missing documentation entries ... WARNING
Undocumented data sets:
  ‘SCSE_Result_EMT’ ‘SCSE_Result_multiple’ ‘cell_annotation_file’
All user-level objects in a package should have documentation entries.
See chapter ‘Writing R documentation files’ in the ‘Writing R
Extensions’ manual.
* checking for code/documentation mismatches ... OK
* checking Rd \usage sections ... OK
* checking Rd contents ... OK
* checking for unstated dependencies in examples ... OK
* checking contents of ‘data’ directory ... OK
* checking data for non-ASCII characters ... OK
* checking data for ASCII and uncompressed saves ... OK
* checking examples ... [33s/91s] ERROR
Running examples in ‘EMTscore-Ex.R’ failed
The error most likely occurred in:

> base::assign(".ptime", proc.time(), pos = "CheckExEnv")
> ### Name: Execute_JASMINE_parallel
> ### Title: Compute JASMINE Scores for Multiple Gene Sets in Parallel
> ### Aliases: Execute_JASMINE_parallel
> 
> ### ** Examples
> 
> url <- "https://zenodo.org/records/17438655/files/geneExp.rda"
> destfile <- tempfile(fileext = ".rda")
> download.file(url, destfile, mode = "wb")
trying URL 'https://zenodo.org/records/17438655/files/geneExp.rda'
Content type 'application/octet-stream' length 15527012 bytes (14.8 MB)
==================================================
downloaded 14.8 MB

> load(destfile)
> gmt_file <- system.file("extdata", "h.all.v2025.1.Hs.symbols.gmt", package = "EMTscore")
> result <- Execute_JASMINE_parallel(geneExp, gmt_file, cores = 10)
Read 50 records
Read 7422 items
12345678910111213141516171819202122232425262728293031323334353637383940414243444546474849501
2
3
4
5
6
7
8
9
10
11
12
13
14
15
16
17
18
19
20
21
22
23
24
25
26
27
28
29
30
31
32
33
34
35
36
37
38
39
40
41
42
43
44
45
46
47
48
49
Error in .check_ncores(cores) : 10 simultaneous processes spawned
Calls: Execute_JASMINE_parallel ... %dopar% -> <Anonymous> -> mclapply -> .check_ncores
Execution halted
Examples with CPU (user + system) or elapsed time > 5s
                         user system elapsed
Execute_AUCell_parallel 8.886  2.221  16.993
Execute_JAS             1.131  0.103  25.009
Execute_AUCell          0.283  0.115  25.050
* checking for non-standard things in the check directory ... OK
* checking for detritus in the temp directory ... OK
* DONE
Status: 1 ERROR, 3 WARNINGs, 3 NOTEs
