* installing *source* package ‘EMTscore’ ...
** this is package ‘EMTscore’ version ‘0.1.1’
** using staged installation
** R
** data
** inst
** byte-compile and prepare package for lazy loading
Warning: replacing previous import ‘data.table::first’ by ‘dplyr::first’ when loading ‘EMTscore’
Warning: replacing previous import ‘data.table::last’ by ‘dplyr::last’ when loading ‘EMTscore’
Warning: replacing previous import ‘data.table::between’ by ‘dplyr::between’ when loading ‘EMTscore’
** help
*** installing help indices
** building package indices
** testing if installed package can be loaded from temporary location
Warning: replacing previous import ‘data.table::first’ by ‘dplyr::first’ when loading ‘EMTscore’
Warning: replacing previous import ‘data.table::last’ by ‘dplyr::last’ when loading ‘EMTscore’
Warning: replacing previous import ‘data.table::between’ by ‘dplyr::between’ when loading ‘EMTscore’
** testing if installed package can be loaded from final location
Warning: replacing previous import ‘data.table::first’ by ‘dplyr::first’ when loading ‘EMTscore’
Warning: replacing previous import ‘data.table::last’ by ‘dplyr::last’ when loading ‘EMTscore’
Warning: replacing previous import ‘data.table::between’ by ‘dplyr::between’ when loading ‘EMTscore’
** testing if installed package keeps a record of temporary installation path
* DONE (EMTscore)
